---
source: libsql-server/tests/standalone/attach.rs
expression: "bar_conn.execute(\"ATTACH foo as foo\", ()).await.unwrap_err()"
---
Hrana(
    Api(
        "{\"error\":\"Not authorized to execute query: Current session doesn't not have AttachRead permission to namespace foo\"}",
    ),
)
